Failure: for aws_iam_account_password_policy.strict on aws_iam_account_password_policy. 5 is not more than 13.
Failure: aws_iam_account_password_policy.strict \(aws_iam_account_password_policy\) does not have require_uppercase_characters property.